2025-02-23 20:44:00 | INFO | repo=pv243-a4m36jee-2016-management-seminar | action=commit
2025-08-03 13:33:00 | WARN | repo=pv243-a4m36jee-2016-management-seminar | action=commit
2025-12-18 08:48:00 | DEBUG | repo=pv243-a4m36jee-2016-management-seminar | action=commit
2025-05-23 12:12:00 | INFO | repo=pv243-a4m36jee-2016-management-seminar | action=commit
2025-08-11 07:19:00 | INFO | repo=pv243-a4m36jee-2016-management-seminar | action=commit
2025-12-23 14:25:00 | INFO | repo=pv243-a4m36jee-2016-management-seminar | action=commit
2025-02-12 09:15:00 | DEBUG | repo=pv243-a4m36jee-2016-management-seminar | action=commit
2025-05-14 08:11:00 | WARN | repo=pv243-a4m36jee-2016-management-seminar | action=commit
2025-02-05 20:32:00 | WARN | repo=pv243-a4m36jee-2016-management-seminar | action=commit
2025-05-25 07:11:00 | WARN | repo=pv243-a4m36jee-2016-management-seminar | action=commit
2025-05-06 07:22:00 | DEBUG | repo=pv243-a4m36jee-2016-management-seminar | action=commit
2025-10-28 18:38:00 | INFO | repo=pv243-a4m36jee-2016-management-seminar | action=commit
2025-11-26 10:34:00 | INFO | repo=pv243-a4m36jee-2016-management-seminar | action=commit
2025-05-10 08:41:00 | INFO | repo=pv243-a4m36jee-2016-management-seminar | action=commit
2025-09-04 07:22:00 | DEBUG | repo=pv243-a4m36jee-2016-management-seminar | action=commit
2025-02-07 21:33:00 | WARN | repo=pv243-a4m36jee-2016-management-seminar | action=pull
2025-08-18 07:55:00 | DEBUG | repo=pv243-a4m36jee-2016-management-seminar | action=edit | files=5
2025-01-18 07:52:00 | INFO | repo=pv243-a4m36jee-2016-management-seminar | action=commit
2025-11-05 21:52:00 | INFO | repo=pv243-a4m36jee-2016-management-seminar | action=commit
2025-06-22 07:07:00 | WARN | repo=pv243-a4m36jee-2016-management-seminar | action=commit
2025-09-26 13:20:00 | WARN | repo=pv243-a4m36jee-2016-management-seminar | action=commit
